PASS empty 0 rows 0 bytes
PASS bom-only 0 rows 3 bytes
PASS single-final 1 rows 11 bytes
PASS rounding 6 rows 83 bytes
PASS prefix-collisions 4 rows 56 bytes
PASS CRLF-unicode 5 rows 60 bytes
PASS 10000-stations 10000 rows 184005 bytes
PASS random 50000 rows 1055659 bytes
PASS buffer-boundaries 300000 rows 6350303 bytes
PASS worker-boundaries 120000 rows 2669036 bytes
PASS 64-bit-sum 2200000 rows 19800000 bytes
PASS shared-head-and-tail 10000 rows 274005 bytes
PASS full-hash-collision 4 rows 60 bytes
PASS name-length-1 2 rows 12 bytes
PASS name-length-2 2 rows 15 bytes
PASS name-length-3 2 rows 16 bytes
PASS name-length-4 2 rows 19 bytes
PASS name-length-5 2 rows 20 bytes
PASS name-length-6 2 rows 23 bytes
PASS name-length-7 2 rows 24 bytes
PASS name-length-8 2 rows 27 bytes
PASS name-length-9 2 rows 28 bytes
PASS name-length-10 2 rows 31 bytes
PASS name-length-11 2 rows 32 bytes
PASS name-length-12 2 rows 35 bytes
PASS name-length-13 2 rows 36 bytes
PASS name-length-14 2 rows 39 bytes
PASS name-length-15 2 rows 40 bytes
PASS name-length-16 2 rows 43 bytes
PASS name-length-17 2 rows 44 bytes
PASS name-length-18 2 rows 47 bytes
PASS name-length-19 2 rows 48 bytes
PASS name-length-20 2 rows 51 bytes
PASS name-length-21 2 rows 52 bytes
PASS name-length-22 2 rows 55 bytes
PASS name-length-23 2 rows 56 bytes
PASS name-length-24 2 rows 59 bytes
PASS name-length-25 2 rows 60 bytes
PASS name-length-26 2 rows 63 bytes
PASS name-length-27 2 rows 64 bytes
PASS name-length-28 2 rows 67 bytes
PASS name-length-29 2 rows 68 bytes
PASS name-length-30 2 rows 71 bytes
PASS name-length-31 2 rows 72 bytes
PASS name-length-32 2 rows 75 bytes
PASS zero-key-and-length 5 rows 37 bytes
PASS culture-invariant 4 rows 26 bytes
